// Vitest Snapshot v1, https://vitest.dev/guide/snapshot.html

exports[`TextLoader > render and match snapshot 1`] = `"<div class="h-4 bg-gray-200 rounded w-24 animate-pulse"></div>"`;
